Archive member included to satisfy reference by file (symbol)

C:/ST/STM32CubeIDE_1.13.0/STM32CubeIDE/plugins/com.st.stm32cube.ide.mcu.externaltools.gnu-tools-for-stm32.11.3.rel1.win32_1.1.0.202305231506/tools/bin/../lib/gcc/arm-none-eabi/11.3.1/../../../../arm-none-eabi/lib/thumb/v7-m/nofp\libc_nano.a(libc_a-exit.o)
                              C:/ST/STM32CubeIDE_1.13.0/STM32CubeIDE/plugins/com.st.stm32cube.ide.mcu.externaltools.gnu-tools-for-stm32.11.3.rel1.win32_1.1.0.202305231506/tools/bin/../lib/gcc/arm-none-eabi/11.3.1/../../../../arm-none-eabi/lib/thumb/v7-m/nofp/crt0.o (exit)
C:/ST/STM32CubeIDE_1.13.0/STM32CubeIDE/plugins/com.st.stm32cube.ide.mcu.externaltools.gnu-tools-for-stm32.11.3.rel1.win32_1.1.0.202305231506/tools/bin/../lib/gcc/arm-none-eabi/11.3.1/../../../../arm-none-eabi/lib/thumb/v7-m/nofp\libc_nano.a(libc_a-findfp.o)
                              C:/ST/STM32CubeIDE_1.13.0/STM32CubeIDE/plugins/com.st.stm32cube.ide.mcu.externaltools.gnu-tools-for-stm32.11.3.rel1.win32_1.1.0.202305231506/tools/bin/../lib/gcc/arm-none-eabi/11.3.1/../../../../arm-none-eabi/lib/thumb/v7-m/nofp\libc_nano.a(libc_a-exit.o) (__stdio_exit_handler)
C:/ST/STM32CubeIDE_1.13.0/STM32CubeIDE/plugins/com.st.stm32cube.ide.mcu.externaltools.gnu-tools-for-stm32.11.3.rel1.win32_1.1.0.202305231506/tools/bin/../lib/gcc/arm-none-eabi/11.3.1/../../../../arm-none-eabi/lib/thumb/v7-m/nofp\libc_nano.a(libc_a-fwalk.o)
                              C:/ST/STM32CubeIDE_1.13.0/STM32CubeIDE/plugins/com.st.stm32cube.ide.mcu.externaltools.gnu-tools-for-stm32.11.3.rel1.win32_1.1.0.202305231506/tools/bin/../lib/gcc/arm-none-eabi/11.3.1/../../../../arm-none-eabi/lib/thumb/v7-m/nofp\libc_nano.a(libc_a-findfp.o) (_fwalk_sglue)
C:/ST/STM32CubeIDE_1.13.0/STM32CubeIDE/plugins/com.st.stm32cube.ide.mcu.externaltools.gnu-tools-for-stm32.11.3.rel1.win32_1.1.0.202305231506/tools/bin/../lib/gcc/arm-none-eabi/11.3.1/../../../../arm-none-eabi/lib/thumb/v7-m/nofp\libc_nano.a(libc_a-stdio.o)
                              C:/ST/STM32CubeIDE_1.13.0/STM32CubeIDE/plugins/com.st.stm32cube.ide.mcu.externaltools.gnu-tools-for-stm32.11.3.rel1.win32_1.1.0.202305231506/tools/bin/../lib/gcc/arm-none-eabi/11.3.1/../../../../arm-none-eabi/lib/thumb/v7-m/nofp\libc_nano.a(libc_a-findfp.o) (__sread)
C:/ST/STM32CubeIDE_1.13.0/STM32CubeIDE/plugins/com.st.stm32cube.ide.mcu.externaltools.gnu-tools-for-stm32.11.3.rel1.win32_1.1.0.202305231506/tools/bin/../lib/gcc/arm-none-eabi/11.3.1/../../../../arm-none-eabi/lib/thumb/v7-m/nofp\libc_nano.a(libc_a-memset.o)
                              C:/ST/STM32CubeIDE_1.13.0/STM32CubeIDE/plugins/com.st.stm32cube.ide.mcu.externaltools.gnu-tools-for-stm32.11.3.rel1.win32_1.1.0.202305231506/tools/bin/../lib/gcc/arm-none-eabi/11.3.1/../../../../arm-none-eabi/lib/thumb/v7-m/nofp/crt0.o (memset)
C:/ST/STM32CubeIDE_1.13.0/STM32CubeIDE/plugins/com.st.stm32cube.ide.mcu.externaltools.gnu-tools-for-stm32.11.3.rel1.win32_1.1.0.202305231506/tools/bin/../lib/gcc/arm-none-eabi/11.3.1/../../../../arm-none-eabi/lib/thumb/v7-m/nofp\libc_nano.a(libc_a-closer.o)
                              C:/ST/STM32CubeIDE_1.13.0/STM32CubeIDE/plugins/com.st.stm32cube.ide.mcu.externaltools.gnu-tools-for-stm32.11.3.rel1.win32_1.1.0.202305231506/tools/bin/../lib/gcc/arm-none-eabi/11.3.1/../../../../arm-none-eabi/lib/thumb/v7-m/nofp\libc_nano.a(libc_a-stdio.o) (_close_r)
C:/ST/STM32CubeIDE_1.13.0/STM32CubeIDE/plugins/com.st.stm32cube.ide.mcu.externaltools.gnu-tools-for-stm32.11.3.rel1.win32_1.1.0.202305231506/tools/bin/../lib/gcc/arm-none-eabi/11.3.1/../../../../arm-none-eabi/lib/thumb/v7-m/nofp\libc_nano.a(libc_a-reent.o)
                              C:/ST/STM32CubeIDE_1.13.0/STM32CubeIDE/plugins/com.st.stm32cube.ide.mcu.externaltools.gnu-tools-for-stm32.11.3.rel1.win32_1.1.0.202305231506/tools/bin/../lib/gcc/arm-none-eabi/11.3.1/../../../../arm-none-eabi/lib/thumb/v7-m/nofp\libc_nano.a(libc_a-closer.o) (errno)
C:/ST/STM32CubeIDE_1.13.0/STM32CubeIDE/plugins/com.st.stm32cube.ide.mcu.externaltools.gnu-tools-for-stm32.11.3.rel1.win32_1.1.0.202305231506/tools/bin/../lib/gcc/arm-none-eabi/11.3.1/../../../../arm-none-eabi/lib/thumb/v7-m/nofp\libc_nano.a(libc_a-impure.o)
                              C:/ST/STM32CubeIDE_1.13.0/STM32CubeIDE/plugins/com.st.stm32cube.ide.mcu.externaltools.gnu-tools-for-stm32.11.3.rel1.win32_1.1.0.202305231506/tools/bin/../lib/gcc/arm-none-eabi/11.3.1/../../../../arm-none-eabi/lib/thumb/v7-m/nofp\libc_nano.a(libc_a-reent.o) (_impure_ptr)
C:/ST/STM32CubeIDE_1.13.0/STM32CubeIDE/plugins/com.st.stm32cube.ide.mcu.externaltools.gnu-tools-for-stm32.11.3.rel1.win32_1.1.0.202305231506/tools/bin/../lib/gcc/arm-none-eabi/11.3.1/../../../../arm-none-eabi/lib/thumb/v7-m/nofp\libc_nano.a(libc_a-lseekr.o)
[...]
Memory Configuration

Name             Origin             Length             Attributes
RAM              0x0000000020000000 0x0000000000002800 xrw
FLASH            0x0000000008000000 0x0000000000008000 xr
*default*        0x0000000000000000 0xffffffffffffffff

Linker script and memory map

LOAD C:/ST/STM32CubeIDE_1.13.0/STM32CubeIDE/plugins/com.st.stm32cube.ide.mcu.externaltools.gnu-tools-for-stm32.11.3.rel1.win32_1.1.0.202305231506/tools/bin/../lib/gcc/arm-none-eabi/11.3.1/thumb/v7-m/nofp/crti.o
LOAD C:/ST/STM32CubeIDE_1.13.0/STM32CubeIDE/plugins/com.st.stm32cube.ide.mcu.externaltools.gnu-tools-for-stm32.11.3.rel1.win32_1.1.0.202305231506/tools/bin/../lib/gcc/arm-none-eabi/11.3.1/thumb/v7-m/nofp/crtbegin.o
LOAD C:/ST/STM32CubeIDE_1.13.0/STM32CubeIDE/plugins/com.st.stm32cube.ide.mcu.externaltools.gnu-tools-for-stm32.11.3.rel1.win32_1.1.0.202305231506/tools/bin/../lib/gcc/arm-none-eabi/11.3.1/../../../../arm-none-eabi/lib/thumb/v7-m/nofp/crt0.o
LOAD ./Src/EXTI.o
LOAD ./Src/GPIO.o
LOAD ./Src/keypad.o
LOAD ./Src/lcd.o
LOAD ./Src/main.o
LOAD ./Src/syscalls.o
LOAD ./Src/sysmem.o
LOAD ./Startup/startup_stm32f103c6tx.o
START GROUP
LOAD C:/ST/STM32CubeIDE_1.13.0/STM32CubeIDE/plugins/com.st.stm32cube.ide.mcu.externaltools.gnu-tools-for-stm32.11.3.rel1.win32_1.1.0.202305231506/tools/bin/../lib/gcc/arm-none-eabi/11.3.1/../../../../arm-none-eabi/lib/thumb/v7-m/nofp\libc_nano.a
LOAD C:/ST/STM32CubeIDE_1.13.0/STM32CubeIDE/plugins/com.st.stm32cube.ide.mcu.externaltools.gnu-tools-for-stm32.11.3.rel1.win32_1.1.0.202305231506/tools/bin/../lib/gcc/arm-none-eabi/11.3.1/../../../../arm-none-eabi/lib/thumb/v7-m/nofp\libm.a
END GROUP
START GROUP
LOAD C:/ST/STM32CubeIDE_1.13.0/STM32CubeIDE/plugins/com.st.stm32cube.ide.mcu.externaltools.gnu-tools-for-stm32.11.3.rel1.win32_1.1.0.202305231506/tools/bin/../lib/gcc/arm-none-eabi/11.3.1/thumb/v7-m/nofp\libgcc.a
LOAD C:/ST/STM32CubeIDE_1.13.0/STM32CubeIDE/plugins/com.st.stm32cube.ide.mcu.externaltools.gnu-tools-for-stm32.11.3.rel1.win32_1.1.0.202305231506/tools/bin/../lib/gcc/arm-none-eabi/11.3.1/../../../../arm-none-eabi/lib/thumb/v7-m/nofp\libg_nano.a
LOAD C:/ST/STM32CubeIDE_1.13.0/STM32CubeIDE/plugins/com.st.stm32cube.ide.mcu.externaltools.gnu-tools-for-stm32.11.3.rel1.win32_1.1.0.202305231506/tools/bin/../lib/gcc/arm-none-eabi/11.3.1/../../../../arm-none-eabi/lib/thumb/v7-m/nofp\libc_nano.a
END GROUP
START GROUP
LOAD C:/ST/STM32CubeIDE_1.13.0/STM32CubeIDE/plugins/com.st.stm32cube.ide.mcu.externaltools.gnu-tools-for-stm32.11.3.rel1.win32_1.1.0.202305231506/tools/bin/../lib/gcc/arm-none-eabi/11.3.1/thumb/v7-m/nofp\libgcc.a
LOAD C:/ST/STM32CubeIDE_1.13.0/STM32CubeIDE/plugins/com.st.stm32cube.ide.mcu.externaltools.gnu-tools-for-stm32.11.3.rel1.win32_1.1.0.202305231506/tools/bin/../lib/gcc/arm-none-eabi/11.3.1/../../../../arm-none-eabi/lib/thumb/v7-m/nofp\libc_nano.a
LOAD C:/ST/STM32CubeIDE_1.13.0/STM32CubeIDE/plugins/com.st.stm32cube.ide.mcu.externaltools.gnu-tools-for-stm32.11.3.rel1.win32_1.1.0.202305231506/tools/bin/../lib/gcc/arm-none-eabi/11.3.1/../../../../arm-none-eabi/lib/thumb/v7-m/nofp\libnosys.a
END GROUP
START GROUP
LOAD C:/ST/STM32CubeIDE_1.13.0/STM32CubeIDE/plugins/com.st.stm32cube.ide.mcu.externaltools.gnu-tools-for-stm32.11.3.rel1.win32_1.1.0.202305231506/tools/bin/../lib/gcc/arm-none-eabi/11.3.1/thumb/v7-m/nofp\libgcc.a
LOAD C:/ST/STM32CubeIDE_1.13.0/STM32CubeIDE/plugins/com.st.stm32cube.ide.mcu.externaltools.gnu-tools-for-stm32.11.3.rel1.win32_1.1.0.202305231506/tools/bin/../lib/gcc/arm-none-eabi/11.3.1/../../../../arm-none-eabi/lib/thumb/v7-m/nofp\libc_nano.a
LOAD C:/ST/STM32CubeIDE_1.13.0/STM32CubeIDE/plugins/com.st.stm32cube.ide.mcu.externaltools.gnu-tools-for-stm32.11.3.rel1.win32_1.1.0.202305231506/tools/bin/../lib/gcc/arm-none-eabi/11.3.1/../../../../arm-none-eabi/lib/thumb/v7-m/nofp\libnosys.a
END GROUP
LOAD C:/ST/STM32CubeIDE_1.13.0/STM32CubeIDE/plugins/com.st.stm32cube.ide.mcu.externaltools.gnu-tools-for-stm32.11.3.rel1.win32_1.1.0.202305231506/tools/bin/../lib/gcc/arm-none-eabi/11.3.1/thumb/v7-m/nofp/crtend.o
LOAD C:/ST/STM32CubeIDE_1.13.0/STM32CubeIDE/plugins/com.st.stm32cube.ide.mcu.externaltools.gnu-tools-for-stm32.11.3.rel1.win32_1.1.0.202305231506/tools/bin/../lib/gcc/arm-none-eabi/11.3.1/thumb/v7-m/nofp/crtn.o
                0x0000000020002800                _estack = (ORIGIN (RAM) + LENGTH (RAM))
                0x0000000000000200                _Min_Heap_Size = 0x200
                0x0000000000000400                _Min_Stack_Size = 0x400

.isr_vector     0x0000000008000000      0x130
                0x0000000008000000                . = ALIGN (0x4)
 *(.isr_vector)
 .isr_vector    0x0000000008000000      0x130 ./Startup/startup_stm32f103c6tx.o
                0x0000000008000000                g_pfnVectors
                0x0000000008000130                . = ALIGN (0x4)

.text           0x0000000008000130      0xd74
                0x0000000008000130                . = ALIGN (0x4)
 *(.text)
 .text          0x0000000008000130       0x40 C:/ST/STM32CubeIDE_1.13.0/STM32CubeIDE/plugins/com.st.stm32cube.ide.mcu.externaltools.gnu-tools-for-stm32.11.3.rel1.win32_1.1.0.202305231506/tools/bin/../lib/gcc/arm-none-eabi/11.3.1/thumb/v7-m/nofp/crtbegin.o
 *(.text*)
 .text.Enable_NVIC
                0x0000000008000170       0xc8 ./Src/EXTI.o
                0x0000000008000170                Enable_NVIC
 .text.Disable_NVIC
                0x0000000008000238       0xe4 ./Src/EXTI.o
                0x0000000008000238                Disable_NVIC
 .text.MCAL_EXTI_GPIO_Init
                0x000000000800031c       0x16 ./Src/EXTI.o
                0x000000000800031c                MCAL_EXTI_GPIO_Init
 *fill*         0x0000000008000332        0x2 
 .text.MCAL_EXTI_GPIO_Update
                0x0000000008000334      0x208 ./Src/EXTI.o
                0x0000000008000334                MCAL_EXTI_GPIO_Update
 .text.EXTI0_IRQHandler
                0x000000000800053c       0x1c ./Src/EXTI.o
                0x000000000800053c                EXTI0_IRQHandler
 .text.EXTI1_IRQHandler
                0x0000000008000558       0x1c ./Src/EXTI.o
                0x0000000008000558                EXTI1_IRQHandler
 .text.EXTI2_IRQHandler
                0x0000000008000574       0x1c ./Src/EXTI.o
                0x0000000008000574                EXTI2_IRQHandler
 .text.EXTI3_IRQHandler
                0x0000000008000590       0x1c ./Src/EXTI.o
                0x0000000008000590                EXTI3_IRQHandler
 .text.EXTI4_IRQHandler
                0x00000000080005ac       0x1c ./Src/EXTI.o
                0x00000000080005ac                EXTI4_IRQHandler
 .text.EXTI9_5_IRQHandler
                0x00000000080005c8       0x8c ./Src/EXTI.o
                0x00000000080005c8                EXTI9_5_IRQHandler
 .text.EXTI15_10_IRQHandler
                0x0000000008000654       0xc4 ./Src/EXTI.o
                0x0000000008000654                EXTI15_10_IRQHandler
 .text.GET_CRLH_Position
                0x0000000008000718      0x170 ./Src/GPIO.o
                0x0000000008000718                GET_CRLH_Position
 .text.MCAL_GPIO_Init
                0x0000000008000888      0x102 ./Src/GPIO.o
                0x0000000008000888                MCAL_GPIO_Init
 .text.MCAL_GPIO_WritePin
                0x000000000800098a       0x2e ./Src/GPIO.o
                0x000000000800098a                MCAL_GPIO_WritePin
 .text.MCAL_GPIO_WritePort
                0x00000000080009b8       0x1c ./Src/GPIO.o
                0x00000000080009b8                MCAL_GPIO_WritePort
 .text.delay_ms
                0x00000000080009d4       0x3a ./Src/lcd.o
                0x00000000080009d4                delay_ms
 *fill*         0x0000000008000a0e        0x2 
 .text.LCD_GPIO_init
                0x0000000008000a10      0x158 ./Src/lcd.o
                0x0000000008000a10                LCD_GPIO_init
 .text.LCD_clear_screen
                0x0000000008000b68        0xe ./Src/lcd.o
                0x0000000008000b68                LCD_clear_screen
 *fill*         0x0000000008000b76        0x2 
 .text.LCD_lcd_kick
                0x0000000008000b78       0x2c ./Src/lcd.o
                0x0000000008000b78                LCD_lcd_kick
 .text.LCD_GOTO_XY
                0x0000000008000ba4       0x48 ./Src/lcd.o
                0x0000000008000ba4                LCD_GOTO_XY
 .text.LCD_INIT
                0x0000000008000bec       0x34 ./Src/lcd.o
                0x0000000008000bec                LCD_INIT
 .text.LCD_WRITE_COMMAND
                0x0000000008000c20       0x44 ./Src/lcd.o
                0x0000000008000c20                LCD_WRITE_COMMAND
 .text.LCD_WRITE_CHAR
                0x0000000008000c64       0x44 ./Src/lcd.o
                0x0000000008000c64                LCD_WRITE_CHAR
 .text.LCD_WRITE_STRING
                0x0000000008000ca8       0x5a ./Src/lcd.o
                0x0000000008000ca8                LCD_WRITE_STRING
 .text.my_wait  0x0000000008000d02       0x3a ./Src/main.o
                0x0000000008000d02                my_wait
 .text.EXTI9_Callback
                0x0000000008000d3c       0x24 ./Src/main.o
                0x0000000008000d3c                EXTI9_Callback
 .text.Clock_init
                0x0000000008000d60       0x34 ./Src/main.o
                0x0000000008000d60                Clock_init
 .text.main     0x0000000008000d94       0x5c ./Src/main.o
                0x0000000008000d94                main
 .text.Reset_Handler
                0x0000000008000df0       0x50 ./Startup/startup_stm32f103c6tx.o
                0x0000000008000df0                Reset_Handler
 .text.Default_Handler
                0x0000000008000e40        0x2 ./Startup/startup_stm32f103c6tx.o
                0x0000000008000e40                TIM8_TRG_COM_IRQHandler
                0x0000000008000e40                TIM8_CC_IRQHandler
                0x0000000008000e40                DebugMon_Handler
                0x0000000008000e40                TIM1_CC_IRQHandler
                0x0000000008000e40                HardFault_Handler
                0x0000000008000e40                TIM6_IRQHandler
                0x0000000008000e40                SysTick_Handler
                0x0000000008000e40                PVD_IRQHandler
                0x0000000008000e40                SDIO_IRQHandler
                0x0000000008000e40                PendSV_Handler
                0x0000000008000e40                NMI_Handler
                0x0000000008000e40                USB_HP_CAN_TX_IRQHandler
                0x0000000008000e40                I2C2_EV_IRQHandler
                0x0000000008000e40                UsageFault_Handler
                0x0000000008000e40                ADC1_2_IRQHandler
                0x0000000008000e40                SPI1_IRQHandler
                0x0000000008000e40                CAN_SCE_IRQHandler
                0x0000000008000e40                TAMPER_IRQHandler
                0x0000000008000e40                TIM8_UP_IRQHandler
                0x0000000008000e40                DMA2_Channel2_IRQHandler
                0x0000000008000e40                DMA1_Channel4_IRQHandler
                0x0000000008000e40                USART3_IRQHandler
                0x0000000008000e40                RTC_IRQHandler
                0x0000000008000e40                DMA1_Channel7_IRQHandler
                0x0000000008000e40                UART5_IRQHandler
                0x0000000008000e40                ADC3_IRQHandler
                0x0000000008000e40                TIM4_IRQHandler
                0x0000000008000e40                CAN_RX1_IRQHandler
                0x0000000008000e40                DMA2_Channel1_IRQHandler
                0x0000000008000e40                I2C1_EV_IRQHandler
                0x0000000008000e40                DMA1_Channel6_IRQHandler
                0x0000000008000e40                UART4_IRQHandler
                0x0000000008000e40                TIM3_IRQHandler
                0x0000000008000e40                RCC_IRQHandler
                0x0000000008000e40                TIM1_TRG_COM_IRQHandler
                0x0000000008000e40                DMA1_Channel1_IRQHandler
                0x0000000008000e40                Default_Handler
                0x0000000008000e40                TIM7_IRQHandler
                0x0000000008000e40                TIM5_IRQHandler
                0x0000000008000e40                SPI2_IRQHandler
                0x0000000008000e40                USB_LP_CAN_RX0_IRQHandler
                0x0000000008000e40                MemManage_Handler
                0x0000000008000e40                SVC_Handler
                0x0000000008000e40                DMA1_Channel5_IRQHandler
                0x0000000008000e40                DMA1_Channel3_IRQHandler
                0x0000000008000e40                FSMC_IRQHandler
                0x0000000008000e40                TIM1_UP_IRQHandler
                0x0000000008000e40                WWDG_IRQHandler
                0x0000000008000e40                TIM2_IRQHandler
                0x0000000008000e40                TIM1_BRK_IRQHandler
                0x0000000008000e40                RTCAlarm_IRQHandler
                0x0000000008000e40                DMA2_Channel4_5_IRQHandler
                0x0000000008000e40                USART2_IRQHandler
                0x0000000008000e40                I2C2_ER_IRQHandler
                0x0000000008000e40                DMA1_Channel2_IRQHandler
                0x0000000008000e40                TIM8_BRK_IRQHandler
                0x0000000008000e40                FLASH_IRQHandler
                0x0000000008000e40                BusFault_Handler
                0x0000000008000e40                USART1_IRQHandler
                0x0000000008000e40                SPI3_IRQHandler
                0x0000000008000e40                I2C1_ER_IRQHandler
                0x0000000008000e40                DMA2_Channel3_IRQHandler
 *fill*         0x0000000008000e42        0x2 
 .text.__libc_init_array
                0x0000000008000e44       0x48 C:/ST/STM32CubeIDE_1.13.0/STM32CubeIDE/plugins/com.st.stm32cube.ide.mcu.externaltools.gnu-tools-for-stm32.11.3.rel1.win32_1.1.0.202305231506/tools/bin/../lib/gcc/arm-none-eabi/11.3.1/../../../../arm-none-eabi/lib/thumb/v7-m/nofp\libc_nano.a(libc_a-init.o)
                0x0000000008000e44                __libc_init_array
 *(.glue_7)
 .glue_7        0x0000000008000e8c        0x0 linker stubs
 *(.glue_7t)
 .glue_7t       0x0000000008000e8c        0x0 linker stubs
 *(.eh_frame)
 .eh_frame      0x0000000008000e8c        0x0 C:/ST/STM32CubeIDE_1.13.0/STM32CubeIDE/plugins/com.st.stm32cube.ide.mcu.externaltools.gnu-tools-for-stm32.11.3.rel1.win32_1.1.0.202305231506/tools/bin/../lib/gcc/arm-none-eabi/11.3.1/thumb/v7-m/nofp/crtbegin.o
 *(.init)
 .init          0x0000000008000e8c        0x4 C:/ST/STM32CubeIDE_1.13.0/STM32CubeIDE/plugins/com.st.stm32cube.ide.mcu.externaltools.gnu-tools-for-stm32.11.3.rel1.win32_1.1.0.202305231506/tools/bin/../lib/gcc/arm-none-eabi/11.3.1/thumb/v7-m/nofp/crti.o
                0x0000000008000e8c                _init
 .init          0x0000000008000e90        0x8 C:/ST/STM32CubeIDE_1.13.0/STM32CubeIDE/plugins/com.st.stm32cube.ide.mcu.externaltools.gnu-tools-for-stm32.11.3.rel1.win32_1.1.0.202305231506/tools/bin/../lib/gcc/arm-none-eabi/11.3.1/thumb/v7-m/nofp/crtn.o
 *(.fini)
 .fini          0x0000000008000e98        0x4 C:/ST/STM32CubeIDE_1.13.0/STM32CubeIDE/plugins/com.st.stm32cube.ide.mcu.externaltools.gnu-tools-for-stm32.11.3.rel1.win32_1.1.0.202305231506/tools/bin/../lib/gcc/arm-none-eabi/11.3.1/thumb/v7-m/nofp/crti.o
                0x0000000008000e98                _fini
 .fini          0x0000000008000e9c        0x8 C:/ST/STM32CubeIDE_1.13.0/STM32CubeIDE/plugins/com.st.stm32cube.ide.mcu.externaltools.gnu-tools-for-stm32.11.3.rel1.win32_1.1.0.202305231506/tools/bin/../lib/gcc/arm-none-eabi/11.3.1/thumb/v7-m/nofp/crtn.o
                0x0000000008000ea4                . = ALIGN (0x4)
                0x0000000008000ea4                _etext = .

.vfp11_veneer   0x0000000008000ea4        0x0
 .vfp11_veneer  0x0000000008000ea4        0x0 linker stubs

.v4_bx          0x0000000008000ea4        0x0
 .v4_bx         0x0000000008000ea4        0x0 linker stubs

.iplt           0x0000000008000ea4        0x0
 .iplt          0x0000000008000ea4        0x0 C:/ST/STM32CubeIDE_1.13.0/STM32CubeIDE/plugins/com.st.stm32cube.ide.mcu.externaltools.gnu-tools-for-stm32.11.3.rel1.win32_1.1.0.202305231506/tools/bin/../lib/gcc/arm-none-eabi/11.3.1/thumb/v7-m/nofp/crtbegin.o

.rodata         0x0000000008000ea4       0x28
                0x0000000008000ea4                . = ALIGN (0x4)
 *(.rodata)
 .rodata        0x0000000008000ea4       0x28 ./Src/main.o
 *(.rodata*)
                0x0000000008000ecc                . = ALIGN (0x4)

.rel.dyn        0x0000000008000ecc        0x0
 .rel.iplt      0x0000000008000ecc        0x0 C:/ST/STM32CubeIDE_1.13.0/STM32CubeIDE/plugins/com.st.stm32cube.ide.mcu.externaltools.gnu-tools-for-stm32.11.3.rel1.win32_1.1.0.202305231506/tools/bin/../lib/gcc/arm-none-eabi/11.3.1/thumb/v7-m/nofp/crtbegin.o

.ARM.extab      0x0000000008000ecc        0x0
                0x0000000008000ecc                . = ALIGN (0x4)
 *(.ARM.extab* .gnu.linkonce.armextab.*)
                0x0000000008000ecc                . = ALIGN (0x4)

.ARM            0x0000000008000ecc        0x0
                0x0000000008000ecc                . = ALIGN (0x4)
                0x0000000008000ecc                __exidx_start = .
 *(.ARM.exidx*)
                0x0000000008000ecc                __exidx_end = .
                0x0000000008000ecc                . = ALIGN (0x4)

.preinit_array  0x0000000008000ecc        0x0
                0x0000000008000ecc                . = ALIGN (0x4)
                0x0000000008000ecc                PROVIDE (__preinit_array_start = .)
 *(.preinit_array*)
                0x0000000008000ecc                PROVIDE (__preinit_array_end = .)
                0x0000000008000ecc                . = ALIGN (0x4)

.init_array     0x0000000008000ecc        0x4
                0x0000000008000ecc                . = ALIGN (0x4)
                0x0000000008000ecc                PROVIDE (__init_array_start = .)
 *(SORT_BY_NAME(.init_array.*))
 *(.init_array*)
 .init_array    0x0000000008000ecc        0x4 C:/ST/STM32CubeIDE_1.13.0/STM32CubeIDE/plugins/com.st.stm32cube.ide.mcu.externaltools.gnu-tools-for-stm32.11.3.rel1.win32_1.1.0.202305231506/tools/bin/../lib/gcc/arm-none-eabi/11.3.1/thumb/v7-m/nofp/crtbegin.o
                0x0000000008000ed0                PROVIDE (__init_array_end = .)
                0x0000000008000ed0                . = ALIGN (0x4)

.fini_array     0x0000000008000ed0        0x4
                0x0000000008000ed0                . = ALIGN (0x4)
                [!provide]                        PROVIDE (__fini_array_start = .)
 *(SORT_BY_NAME(.fini_array.*))
 *(.fini_array*)
 .fini_array    0x0000000008000ed0        0x4 C:/ST/STM32CubeIDE_1.13.0/STM32CubeIDE/plugins/com.st.stm32cube.ide.mcu.externaltools.gnu-tools-for-stm32.11.3.rel1.win32_1.1.0.202305231506/tools/bin/../lib/gcc/arm-none-eabi/11.3.1/thumb/v7-m/nofp/crtbegin.o
                [!provide]                        PROVIDE (__fini_array_end = .)
                0x0000000008000ed4                . = ALIGN (0x4)
                0x0000000008000ed4                _sidata = LOADADDR (.data)

.data           0x0000000020000000        0x0 load address 0x0000000008000ed4
                0x0000000020000000                . = ALIGN (0x4)
                0x0000000020000000                _sdata = .
 *(.data)
 *(.data*)
 *(.RamFunc)
 *(.RamFunc*)
                0x0000000020000000                . = ALIGN (0x4)
                0x0000000020000000                _edata = .

.igot.plt       0x0000000020000000        0x0 load address 0x0000000008000ed4
 .igot.plt      0x0000000020000000        0x0 C:/ST/STM32CubeIDE_1.13.0/STM32CubeIDE/plugins/com.st.stm32cube.ide.mcu.externaltools.gnu-tools-for-stm32.11.3.rel1.win32_1.1.0.202305231506/tools/bin/../lib/gcc/arm-none-eabi/11.3.1/thumb/v7-m/nofp/crtbegin.o
                0x0000000020000000                . = ALIGN (0x4)

.bss            0x0000000020000000       0x60 load address 0x0000000008000ed4
                0x0000000020000000                _sbss = .
                0x0000000020000000                __bss_start__ = _sbss
 *(.bss)
 .bss           0x0000000020000000       0x1c C:/ST/STM32CubeIDE_1.13.0/STM32CubeIDE/plugins/com.st.stm32cube.ide.mcu.externaltools.gnu-tools-for-stm32.11.3.rel1.win32_1.1.0.202305231506/tools/bin/../lib/gcc/arm-none-eabi/11.3.1/thumb/v7-m/nofp/crtbegin.o
 *(.bss*)
 .bss.GP_IRQ_Callback
                0x000000002000001c       0x3c ./Src/EXTI.o
                0x000000002000001c                GP_IRQ_Callback
 .bss.PinCfg    0x0000000020000058        0x4 ./Src/lcd.o
                0x0000000020000058                PinCfg
 .bss.IRQ_flag  0x000000002000005c        0x1 ./Src/main.o
                0x000000002000005c                IRQ_flag
 *(COMMON)
                0x0000000020000060                . = ALIGN (0x4)
 *fill*         0x000000002000005d        0x3 
                0x0000000020000060                _ebss = .
                0x0000000020000060                __bss_end__ = _ebss

._user_heap_stack
                0x0000000020000060      0x600 load address 0x0000000008000ed4
                0x0000000020000060                . = ALIGN (0x8)
                [!provide]                        PROVIDE (end = .)
                0x0000000020000060                PROVIDE (_end = .)
                0x0000000020000260                . = (. + _Min_Heap_Size)
 *fill*         0x0000000020000060      0x200 
                0x0000000020000660                . = (. + _Min_Stack_Size)
 *fill*         0x0000000020000260      0x400 
                0x0000000020000660                . = ALIGN (0x8)

/DISCARD/
 libc.a(*)
 libm.a(*)
 libgcc.a(*)

.ARM.attributes
                0x0000000000000000       0x29
 *(.ARM.attributes)
 .ARM.attributes
                0x0000000000000000       0x1d C:/ST/STM32CubeIDE_1.13.0/STM32CubeIDE/plugins/com.st.stm32cube.ide.mcu.externaltools.gnu-tools-for-stm32.11.3.rel1.win32_1.1.0.202305231506/tools/bin/../lib/gcc/arm-none-eabi/11.3.1/thumb/v7-m/nofp/crti.o
 .ARM.attributes
                0x000000000000001d       0x2d C:/ST/STM32CubeIDE_1.13.0/STM32CubeIDE/plugins/com.st.stm32cube.ide.mcu.externaltools.gnu-tools-for-stm32.11.3.rel1.win32_1.1.0.202305231506/tools/bin/../lib/gcc/arm-none-eabi/11.3.1/thumb/v7-m/nofp/crtbegin.o
 .ARM.attributes
                0x000000000000004a       0x2d ./Src/EXTI.o
 .ARM.attributes
                0x0000000000000077       0x2d ./Src/GPIO.o
 .ARM.attributes
                0x00000000000000a4       0x2d ./Src/lcd.o
 .ARM.attributes
                0x00000000000000d1       0x2d ./Src/main.o
 .ARM.attributes
                0x00000000000000fe       0x21 ./Startup/startup_stm32f103c6tx.o
 .ARM.attributes
                0x000000000000011f       0x2d C:/ST/STM32CubeIDE_1.13.0/STM32CubeIDE/plugins/com.st.stm32cube.ide.mcu.externaltools.gnu-tools-for-stm32.11.3.rel1.win32_1.1.0.202305231506/tools/bin/../lib/gcc/arm-none-eabi/11.3.1/../../../../arm-none-eabi/lib/thumb/v7-m/nofp\libc_nano.a(libc_a-init.o)
 .ARM.attributes
                0x000000000000014c       0x1d C:/ST/STM32CubeIDE_1.13.0/STM32CubeIDE/plugins/com.st.stm32cube.ide.mcu.externaltools.gnu-tools-for-stm32.11.3.rel1.win32_1.1.0.202305231506/tools/bin/../lib/gcc/arm-none-eabi/11.3.1/thumb/v7-m/nofp/crtn.o
OUTPUT(Drivers2.elf elf32-littlearm)
LOAD linker stubs
LOAD C:/ST/STM32CubeIDE_1.13.0/STM32CubeIDE/plugins/com.st.stm32cube.ide.mcu.externaltools.gnu-tools-for-stm32.11.3.rel1.win32_1.1.0.202305231506/tools/bin/../lib/gcc/arm-none-eabi/11.3.1/../../../../arm-none-eabi/lib/thumb/v7-m/nofp\libc.a
LOAD C:/ST/STM32CubeIDE_1.13.0/STM32CubeIDE/plugins/com.st.stm32cube.ide.mcu.externaltools.gnu-tools-for-stm32.11.3.rel1.win32_1.1.0.202305231506/tools/bin/../lib/gcc/arm-none-eabi/11.3.1/../../../../arm-none-eabi/lib/thumb/v7-m/nofp\libm.a
LOAD C:/ST/STM32CubeIDE_1.13.0/STM32CubeIDE/plugins/com.st.stm32cube.ide.mcu.externaltools.gnu-tools-for-stm32.11.3.rel1.win32_1.1.0.202305231506/tools/bin/../lib/gcc/arm-none-eabi/11.3.1/thumb/v7-m/nofp\libgcc.a

.comment        0x0000000000000000       0x43
 .comment       0x0000000000000000       0x43 C:/ST/STM32CubeIDE_1.13.0/STM32CubeIDE/plugins/com.st.stm32cube.ide.mcu.externaltools.gnu-tools-for-stm32.11.3.rel1.win32_1.1.0.202305231506/tools/bin/../lib/gcc/arm-none-eabi/11.3.1/thumb/v7-m/nofp/crtbegin.o
                                         0x44 (size before relaxing)
 .comment       0x0000000000000043       0x44 ./Src/EXTI.o
 .comment       0x0000000000000043       0x44 ./Src/GPIO.o
 .comment       0x0000000000000043       0x44 ./Src/lcd.o
 .comment       0x0000000000000043       0x44 ./Src/main.o

.debug_info     0x0000000000000000     0x125e
 .debug_info    0x0000000000000000      0x633 ./Src/EXTI.o
 .debug_info    0x0000000000000633      0x4b9 ./Src/GPIO.o
 .debug_info    0x0000000000000aec      0x36d ./Src/lcd.o
 .debug_info    0x0000000000000e59      0x3e3 ./Src/main.o
 .debug_info    0x000000000000123c       0x22 ./Startup/startup_stm32f103c6tx.o

.debug_abbrev   0x0000000000000000      0x5e6
 .debug_abbrev  0x0000000000000000      0x1b2 ./Src/EXTI.o
 .debug_abbrev  0x00000000000001b2      0x16f ./Src/GPIO.o
 .debug_abbrev  0x0000000000000321      0x149 ./Src/lcd.o
 .debug_abbrev  0x000000000000046a      0x16a ./Src/main.o
 .debug_abbrev  0x00000000000005d4       0x12 ./Startup/startup_stm32f103c6tx.o

.debug_loc      0x0000000000000000      0x994
 .debug_loc     0x0000000000000000      0x2d0 ./Src/EXTI.o
 .debug_loc     0x00000000000002d0      0x330 ./Src/GPIO.o
 .debug_loc     0x0000000000000600      0x24c ./Src/lcd.o
 .debug_loc     0x000000000000084c      0x148 ./Src/main.o

.debug_aranges  0x0000000000000000      0x1a0
 .debug_aranges
                0x0000000000000000       0x78 ./Src/EXTI.o
 .debug_aranges
                0x0000000000000078       0x60 ./Src/GPIO.o
 .debug_aranges
                0x00000000000000d8       0x60 ./Src/lcd.o
 .debug_aranges
                0x0000000000000138       0x40 ./Src/main.o
 .debug_aranges
                0x0000000000000178       0x28 ./Startup/startup_stm32f103c6tx.o

.debug_ranges   0x0000000000000000      0x158
 .debug_ranges  0x0000000000000000       0x68 ./Src/EXTI.o
 .debug_ranges  0x0000000000000068       0x50 ./Src/GPIO.o
 .debug_ranges  0x00000000000000b8       0x50 ./Src/lcd.o
 .debug_ranges  0x0000000000000108       0x30 ./Src/main.o
 .debug_ranges  0x0000000000000138       0x20 ./Startup/startup_stm32f103c6tx.o

.debug_macro    0x0000000000000000     0x2511
 .debug_macro   0x0000000000000000      0x164 ./Src/EXTI.o
 .debug_macro   0x0000000000000164      0xaa2 ./Src/EXTI.o
 .debug_macro   0x0000000000000c06       0x24 ./Src/EXTI.o
 .debug_macro   0x0000000000000c2a       0x22 ./Src/EXTI.o
 .debug_macro   0x0000000000000c4c       0x5b ./Src/EXTI.o
 .debug_macro   0x0000000000000ca7       0x94 ./Src/EXTI.o
 .debug_macro   0x0000000000000d3b       0x43 ./Src/EXTI.o
 .debug_macro   0x0000000000000d7e       0x34 ./Src/EXTI.o
 .debug_macro   0x0000000000000db2       0x16 ./Src/EXTI.o
 .debug_macro   0x0000000000000dc8      0x10e ./Src/EXTI.o
 .debug_macro   0x0000000000000ed6       0x8d ./Src/EXTI.o
 .debug_macro   0x0000000000000f63       0x16 ./Src/EXTI.o
 .debug_macro   0x0000000000000f79       0x43 ./Src/EXTI.o
 .debug_macro   0x0000000000000fbc       0x57 ./Src/EXTI.o
 .debug_macro   0x0000000000001013       0x34 ./Src/EXTI.o
 .debug_macro   0x0000000000001047       0x10 ./Src/EXTI.o
 .debug_macro   0x0000000000001057       0x58 ./Src/EXTI.o
 .debug_macro   0x00000000000010af       0x8e ./Src/EXTI.o
 .debug_macro   0x000000000000113d       0x1c ./Src/EXTI.o
 .debug_macro   0x0000000000001159      0x177 ./Src/EXTI.o
 .debug_macro   0x00000000000012d0      0x369 ./Src/EXTI.o
 .debug_macro   0x0000000000001639       0x16 ./Src/EXTI.o
 .debug_macro   0x000000000000164f       0x29 ./Src/EXTI.o
 .debug_macro   0x0000000000001678      0x103 ./Src/EXTI.o
 .debug_macro   0x000000000000177b       0x6a ./Src/EXTI.o
 .debug_macro   0x00000000000017e5      0x1df ./Src/EXTI.o
 .debug_macro   0x00000000000019c4       0x2e ./Src/EXTI.o
 .debug_macro   0x00000000000019f2      0x193 ./Src/EXTI.o
 .debug_macro   0x0000000000001b85       0xd6 ./Src/EXTI.o
 .debug_macro   0x0000000000001c5b      0x22f ./Src/EXTI.o
 .debug_macro   0x0000000000001e8a      0x155 ./Src/GPIO.o
 .debug_macro   0x0000000000001fdf       0xd0 ./Src/GPIO.o
 .debug_macro   0x00000000000020af      0x15e ./Src/lcd.o
 .debug_macro   0x000000000000220d       0x9a ./Src/lcd.o
 .debug_macro   0x00000000000022a7      0x17e ./Src/main.o
 .debug_macro   0x0000000000002425       0xa0 ./Src/main.o
 .debug_macro   0x00000000000024c5       0x4c ./Src/main.o

.debug_line     0x0000000000000000     0x1fc1
 .debug_line    0x0000000000000000      0x9d8 ./Src/EXTI.o
 .debug_line    0x00000000000009d8      0x7ca ./Src/GPIO.o
 .debug_line    0x00000000000011a2      0x747 ./Src/lcd.o
 .debug_line    0x00000000000018e9      0x654 ./Src/main.o
 .debug_line    0x0000000000001f3d       0x84 ./Startup/startup_stm32f103c6tx.o

.debug_str      0x0000000000000000     0x971e
 .debug_str     0x0000000000000000     0x91b9 ./Src/EXTI.o
                                       0x93c0 (size before relaxing)
 .debug_str     0x00000000000091b9      0x143 ./Src/GPIO.o
                                       0x7fde (size before relaxing)
 .debug_str     0x00000000000092fc      0x31a ./Src/lcd.o
                                       0x81e2 (size before relaxing)
 .debug_str     0x0000000000009616       0xd9 ./Src/main.o
                                       0x9523 (size before relaxing)
 .debug_str     0x00000000000096ef       0x2f ./Startup/startup_stm32f103c6tx.o
                                         0x6b (size before relaxing)

.debug_frame    0x0000000000000000      0x518
 .debug_frame   0x0000000000000000      0x18c ./Src/EXTI.o
 .debug_frame   0x000000000000018c      0x174 ./Src/GPIO.o
 .debug_frame   0x0000000000000300      0x138 ./Src/lcd.o
 .debug_frame   0x0000000000000438       0xb4 ./Src/main.o
 .debug_frame   0x00000000000004ec       0x2c C:/ST/STM32CubeIDE_1.13.0/STM32CubeIDE/plugins/com.st.stm32cube.ide.mcu.externaltools.gnu-tools-for-stm32.11.3.rel1.win32_1.1.0.202305231506/tools/bin/../lib/gcc/arm-none-eabi/11.3.1/../../../../arm-none-eabi/lib/thumb/v7-m/nofp\libc_nano.a(libc_a-init.o)
