Archive member included to satisfy reference by file (symbol)

C:/ST/STM32CubeIDE_1.13.0/STM32CubeIDE/plugins/com.st.stm32cube.ide.mcu.externaltools.gnu-tools-for-stm32.11.3.rel1.win32_1.1.0.202305231506/tools/bin/../lib/gcc/arm-none-eabi/11.3.1/../../../../arm-none-eabi/lib/thumb/v7-m/nofp\libc_nano.a(libc_a-exit.o)
                              C:/ST/STM32CubeIDE_1.13.0/STM32CubeIDE/plugins/com.st.stm32cube.ide.mcu.externaltools.gnu-tools-for-stm32.11.3.rel1.win32_1.1.0.202305231506/tools/bin/../lib/gcc/arm-none-eabi/11.3.1/../../../../arm-none-eabi/lib/thumb/v7-m/nofp/crt0.o (exit)
C:/ST/STM32CubeIDE_1.13.0/STM32CubeIDE/plugins/com.st.stm32cube.ide.mcu.externaltools.gnu-tools-for-stm32.11.3.rel1.win32_1.1.0.202305231506/tools/bin/../lib/gcc/arm-none-eabi/11.3.1/../../../../arm-none-eabi/lib/thumb/v7-m/nofp\libc_nano.a(libc_a-findfp.o)
                              C:/ST/STM32CubeIDE_1.13.0/STM32CubeIDE/plugins/com.st.stm32cube.ide.mcu.externaltools.gnu-tools-for-stm32.11.3.rel1.win32_1.1.0.202305231506/tools/bin/../lib/gcc/arm-none-eabi/11.3.1/../../../../arm-none-eabi/lib/thumb/v7-m/nofp\libc_nano.a(libc_a-exit.o) (__stdio_exit_handler)
C:/ST/STM32CubeIDE_1.13.0/STM32CubeIDE/plugins/com.st.stm32cube.ide.mcu.externaltools.gnu-tools-for-stm32.11.3.rel1.win32_1.1.0.202305231506/tools/bin/../lib/gcc/arm-none-eabi/11.3.1/../../../../arm-none-eabi/lib/thumb/v7-m/nofp\libc_nano.a(libc_a-fwalk.o)
                              C:/ST/STM32CubeIDE_1.13.0/STM32CubeIDE/plugins/com.st.stm32cube.ide.mcu.externaltools.gnu-tools-for-stm32.11.3.rel1.win32_1.1.0.202305231506/tools/bin/../lib/gcc/arm-none-eabi/11.3.1/../../../../arm-none-eabi/lib/thumb/v7-m/nofp\libc_nano.a(libc_a-findfp.o) (_fwalk_sglue)
C:/ST/STM32CubeIDE_1.13.0/STM32CubeIDE/plugins/com.st.stm32cube.ide.mcu.externaltools.gnu-tools-for-stm32.11.3.rel1.win32_1.1.0.202305231506/tools/bin/../lib/gcc/arm-none-eabi/11.3.1/../../../../arm-none-eabi/lib/thumb/v7-m/nofp\libc_nano.a(libc_a-stdio.o)
                              C:/ST/STM32CubeIDE_1.13.0/STM32CubeIDE/plugins/com.st.stm32cube.ide.mcu.externaltools.gnu-tools-for-stm32.11.3.rel1.win32_1.1.0.202305231506/tools/bin/../lib/gcc/arm-none-eabi/11.3.1/../../../../arm-none-eabi/lib/thumb/v7-m/nofp\libc_nano.a(libc_a-findfp.o) (__sread)
C:/ST/STM32CubeIDE_1.13.0/STM32CubeIDE/plugins/com.st.stm32cube.ide.mcu.externaltools.gnu-tools-for-stm32.11.3.rel1.win32_1.1.0.202305231506/tools/bin/../lib/gcc/arm-none-eabi/11.3.1/../../../../arm-none-eabi/lib/thumb/v7-m/nofp\libc_nano.a(libc_a-memset.o)
                              C:/ST/STM32CubeIDE_1.13.0/STM32CubeIDE/plugins/com.st.stm32cube.ide.mcu.externaltools.gnu-tools-for-stm32.11.3.rel1.win32_1.1.0.202305231506/tools/bin/../lib/gcc/arm-none-eabi/11.3.1/../../../../arm-none-eabi/lib/thumb/v7-m/nofp/crt0.o (memset)
C:/ST/STM32CubeIDE_1.13.0/STM32CubeIDE/plugins/com.st.stm32cube.ide.mcu.externaltools.gnu-tools-for-stm32.11.3.rel1.win32_1.1.0.202305231506/tools/bin/../lib/gcc/arm-none-eabi/11.3.1/../../../../arm-none-eabi/lib/thumb/v7-m/nofp\libc_nano.a(libc_a-closer.o)
                              C:/ST/STM32CubeIDE_1.13.0/STM32CubeIDE/plugins/com.st.stm32cube.ide.mcu.externaltools.gnu-tools-for-stm32.11.3.rel1.win32_1.1.0.202305231506/tools/bin/../lib/gcc/arm-none-eabi/11.3.1/../../../../arm-none-eabi/lib/thumb/v7-m/nofp\libc_nano.a(libc_a-stdio.o) (_close_r)
C:/ST/STM32CubeIDE_1.13.0/STM32CubeIDE/plugins/com.st.stm32cube.ide.mcu.externaltools.gnu-tools-for-stm32.11.3.rel1.win32_1.1.0.202305231506/tools/bin/../lib/gcc/arm-none-eabi/11.3.1/../../../../arm-none-eabi/lib/thumb/v7-m/nofp\libc_nano.a(libc_a-reent.o)
                              C:/ST/STM32CubeIDE_1.13.0/STM32CubeIDE/plugins/com.st.stm32cube.ide.mcu.externaltools.gnu-tools-for-stm32.11.3.rel1.win32_1.1.0.202305231506/tools/bin/../lib/gcc/arm-none-eabi/11.3.1/../../../../arm-none-eabi/lib/thumb/v7-m/nofp\libc_nano.a(libc_a-closer.o) (errno)
C:/ST/STM32CubeIDE_1.13.0/STM32CubeIDE/plugins/com.st.stm32cube.ide.mcu.externaltools.gnu-tools-for-stm32.11.3.rel1.win32_1.1.0.202305231506/tools/bin/../lib/gcc/arm-none-eabi/11.3.1/../../../../arm-none-eabi/lib/thumb/v7-m/nofp\libc_nano.a(libc_a-impure.o)
                              C:/ST/STM32CubeIDE_1.13.0/STM32CubeIDE/plugins/com.st.stm32cube.ide.mcu.externaltools.gnu-tools-for-stm32.11.3.rel1.win32_1.1.0.202305231506/tools/bin/../lib/gcc/arm-none-eabi/11.3.1/../../../../arm-none-eabi/lib/thumb/v7-m/nofp\libc_nano.a(libc_a-reent.o) (_impure_ptr)
C:/ST/STM32CubeIDE_1.13.0/STM32CubeIDE/plugins/com.st.stm32cube.ide.mcu.externaltools.gnu-tools-for-stm32.11.3.rel1.win32_1.1.0.202305231506/tools/bin/../lib/gcc/arm-none-eabi/11.3.1/../../../../arm-none-eabi/lib/thumb/v7-m/nofp\libc_nano.a(libc_a-lseekr.o)
[...]
Memory Configuration

Name             Origin             Length             Attributes
RAM              0x0000000020000000 0x0000000000005000 xrw
FLASH            0x0000000008000000 0x0000000000010000 xr
*default*        0x0000000000000000 0xffffffffffffffff

Linker script and memory map

LOAD C:/ST/STM32CubeIDE_1.13.0/STM32CubeIDE/plugins/com.st.stm32cube.ide.mcu.externaltools.gnu-tools-for-stm32.11.3.rel1.win32_1.1.0.202305231506/tools/bin/../lib/gcc/arm-none-eabi/11.3.1/thumb/v7-m/nofp/crti.o
LOAD C:/ST/STM32CubeIDE_1.13.0/STM32CubeIDE/plugins/com.st.stm32cube.ide.mcu.externaltools.gnu-tools-for-stm32.11.3.rel1.win32_1.1.0.202305231506/tools/bin/../lib/gcc/arm-none-eabi/11.3.1/thumb/v7-m/nofp/crtbegin.o
LOAD C:/ST/STM32CubeIDE_1.13.0/STM32CubeIDE/plugins/com.st.stm32cube.ide.mcu.externaltools.gnu-tools-for-stm32.11.3.rel1.win32_1.1.0.202305231506/tools/bin/../lib/gcc/arm-none-eabi/11.3.1/../../../../arm-none-eabi/lib/thumb/v7-m/nofp/crt0.o
LOAD ./Src/EXTI.o
LOAD ./Src/GPIO.o
LOAD ./Src/LED.o
LOAD ./Src/NVIC_Program.o
LOAD ./Src/PushButton.o
LOAD ./Src/RCC_program.o
LOAD ./Src/STK_program.o
LOAD ./Src/Seg-5161BS.o
LOAD ./Src/USART.o
LOAD ./Src/keypad.o
LOAD ./Src/lcd.o
LOAD ./Src/main.o
LOAD ./Src/syscalls.o
LOAD ./Src/sysmem.o
LOAD ./Startup/startup_stm32f103c8tx.o
START GROUP
LOAD C:/ST/STM32CubeIDE_1.13.0/STM32CubeIDE/plugins/com.st.stm32cube.ide.mcu.externaltools.gnu-tools-for-stm32.11.3.rel1.win32_1.1.0.202305231506/tools/bin/../lib/gcc/arm-none-eabi/11.3.1/../../../../arm-none-eabi/lib/thumb/v7-m/nofp\libc_nano.a
LOAD C:/ST/STM32CubeIDE_1.13.0/STM32CubeIDE/plugins/com.st.stm32cube.ide.mcu.externaltools.gnu-tools-for-stm32.11.3.rel1.win32_1.1.0.202305231506/tools/bin/../lib/gcc/arm-none-eabi/11.3.1/../../../../arm-none-eabi/lib/thumb/v7-m/nofp\libm.a
END GROUP
START GROUP
LOAD C:/ST/STM32CubeIDE_1.13.0/STM32CubeIDE/plugins/com.st.stm32cube.ide.mcu.externaltools.gnu-tools-for-stm32.11.3.rel1.win32_1.1.0.202305231506/tools/bin/../lib/gcc/arm-none-eabi/11.3.1/thumb/v7-m/nofp\libgcc.a
LOAD C:/ST/STM32CubeIDE_1.13.0/STM32CubeIDE/plugins/com.st.stm32cube.ide.mcu.externaltools.gnu-tools-for-stm32.11.3.rel1.win32_1.1.0.202305231506/tools/bin/../lib/gcc/arm-none-eabi/11.3.1/../../../../arm-none-eabi/lib/thumb/v7-m/nofp\libg_nano.a
LOAD C:/ST/STM32CubeIDE_1.13.0/STM32CubeIDE/plugins/com.st.stm32cube.ide.mcu.externaltools.gnu-tools-for-stm32.11.3.rel1.win32_1.1.0.202305231506/tools/bin/../lib/gcc/arm-none-eabi/11.3.1/../../../../arm-none-eabi/lib/thumb/v7-m/nofp\libc_nano.a
END GROUP
START GROUP
LOAD C:/ST/STM32CubeIDE_1.13.0/STM32CubeIDE/plugins/com.st.stm32cube.ide.mcu.externaltools.gnu-tools-for-stm32.11.3.rel1.win32_1.1.0.202305231506/tools/bin/../lib/gcc/arm-none-eabi/11.3.1/thumb/v7-m/nofp\libgcc.a
LOAD C:/ST/STM32CubeIDE_1.13.0/STM32CubeIDE/plugins/com.st.stm32cube.ide.mcu.externaltools.gnu-tools-for-stm32.11.3.rel1.win32_1.1.0.202305231506/tools/bin/../lib/gcc/arm-none-eabi/11.3.1/../../../../arm-none-eabi/lib/thumb/v7-m/nofp\libc_nano.a
LOAD C:/ST/STM32CubeIDE_1.13.0/STM32CubeIDE/plugins/com.st.stm32cube.ide.mcu.externaltools.gnu-tools-for-stm32.11.3.rel1.win32_1.1.0.202305231506/tools/bin/../lib/gcc/arm-none-eabi/11.3.1/../../../../arm-none-eabi/lib/thumb/v7-m/nofp\libnosys.a
END GROUP
START GROUP
LOAD C:/ST/STM32CubeIDE_1.13.0/STM32CubeIDE/plugins/com.st.stm32cube.ide.mcu.externaltools.gnu-tools-for-stm32.11.3.rel1.win32_1.1.0.202305231506/tools/bin/../lib/gcc/arm-none-eabi/11.3.1/thumb/v7-m/nofp\libgcc.a
LOAD C:/ST/STM32CubeIDE_1.13.0/STM32CubeIDE/plugins/com.st.stm32cube.ide.mcu.externaltools.gnu-tools-for-stm32.11.3.rel1.win32_1.1.0.202305231506/tools/bin/../lib/gcc/arm-none-eabi/11.3.1/../../../../arm-none-eabi/lib/thumb/v7-m/nofp\libc_nano.a
LOAD C:/ST/STM32CubeIDE_1.13.0/STM32CubeIDE/plugins/com.st.stm32cube.ide.mcu.externaltools.gnu-tools-for-stm32.11.3.rel1.win32_1.1.0.202305231506/tools/bin/../lib/gcc/arm-none-eabi/11.3.1/../../../../arm-none-eabi/lib/thumb/v7-m/nofp\libnosys.a
END GROUP
LOAD C:/ST/STM32CubeIDE_1.13.0/STM32CubeIDE/plugins/com.st.stm32cube.ide.mcu.externaltools.gnu-tools-for-stm32.11.3.rel1.win32_1.1.0.202305231506/tools/bin/../lib/gcc/arm-none-eabi/11.3.1/thumb/v7-m/nofp/crtend.o
LOAD C:/ST/STM32CubeIDE_1.13.0/STM32CubeIDE/plugins/com.st.stm32cube.ide.mcu.externaltools.gnu-tools-for-stm32.11.3.rel1.win32_1.1.0.202305231506/tools/bin/../lib/gcc/arm-none-eabi/11.3.1/thumb/v7-m/nofp/crtn.o
                0x0000000020005000                _estack = (ORIGIN (RAM) + LENGTH (RAM))
                0x0000000000000200                _Min_Heap_Size = 0x200
                0x0000000000000400                _Min_Stack_Size = 0x400

.isr_vector     0x0000000008000000      0x130
                0x0000000008000000                . = ALIGN (0x4)
 *(.isr_vector)
 .isr_vector    0x0000000008000000      0x130 ./Startup/startup_stm32f103c8tx.o
                0x0000000008000000                g_pfnVectors
                0x0000000008000130                . = ALIGN (0x4)

.text           0x0000000008000130      0x9f8
                0x0000000008000130                . = ALIGN (0x4)
 *(.text)
 .text          0x0000000008000130       0x40 C:/ST/STM32CubeIDE_1.13.0/STM32CubeIDE/plugins/com.st.stm32cube.ide.mcu.externaltools.gnu-tools-for-stm32.11.3.rel1.win32_1.1.0.202305231506/tools/bin/../lib/gcc/arm-none-eabi/11.3.1/thumb/v7-m/nofp/crtbegin.o
 *(.text*)
 .text.EXTI0_IRQHandler
                0x0000000008000170       0x1c ./Src/EXTI.o
                0x0000000008000170                EXTI0_IRQHandler
 .text.EXTI1_IRQHandler
                0x000000000800018c       0x1c ./Src/EXTI.o
                0x000000000800018c                EXTI1_IRQHandler
 .text.EXTI2_IRQHandler
                0x00000000080001a8       0x1c ./Src/EXTI.o
                0x00000000080001a8                EXTI2_IRQHandler
 .text.EXTI3_IRQHandler
                0x00000000080001c4       0x1c ./Src/EXTI.o
                0x00000000080001c4                EXTI3_IRQHandler
 .text.EXTI4_IRQHandler
                0x00000000080001e0       0x1c ./Src/EXTI.o
                0x00000000080001e0                EXTI4_IRQHandler
 .text.EXTI9_5_IRQHandler
                0x00000000080001fc       0x8c ./Src/EXTI.o
                0x00000000080001fc                EXTI9_5_IRQHandler
 .text.EXTI15_10_IRQHandler
                0x0000000008000288       0xc4 ./Src/EXTI.o
                0x0000000008000288                EXTI15_10_IRQHandler
 .text.GET_CRLH_Position
                0x000000000800034c      0x170 ./Src/GPIO.o
                0x000000000800034c                GET_CRLH_Position
 .text.MCAL_GPIO_Init
                0x00000000080004bc      0x102 ./Src/GPIO.o
                0x00000000080004bc                MCAL_GPIO_Init
 *fill*         0x00000000080005be        0x2 
 .text.MCAL_RCC_InitSysClock
                0x00000000080005c0       0x68 ./Src/RCC_program.o
                0x00000000080005c0                MCAL_RCC_InitSysClock
 .text.MCAL_RCC_EnablePeripheral
                0x0000000008000628       0x94 ./Src/RCC_program.o
                0x0000000008000628                MCAL_RCC_EnablePeripheral
 .text.MCAL_RCC_GetSYSCLK
                0x00000000080006bc       0x14 ./Src/RCC_program.o
                0x00000000080006bc                MCAL_RCC_GetSYSCLK
 .text.MCAL_RCC_GetHCLK
                0x00000000080006d0       0x12 ./Src/RCC_program.o
                0x00000000080006d0                MCAL_RCC_GetHCLK
 .text.MCAL_RCC_GetPCLK1
                0x00000000080006e2       0x12 ./Src/RCC_program.o
                0x00000000080006e2                MCAL_RCC_GetPCLK1
 .text.MCAL_RCC_GetPCLK2
                0x00000000080006f4       0x12 ./Src/RCC_program.o
                0x00000000080006f4                MCAL_RCC_GetPCLK2
 *fill*         0x0000000008000706        0x2 
 .text.SysTick_Handler
                0x0000000008000708       0x1c ./Src/STK_program.o
                0x0000000008000708                SysTick_Handler
 .text.MCAL_USART_Init
                0x0000000008000724       0xfc ./Src/USART.o
                0x0000000008000724                MCAL_USART_Init
 .text.MCAL_USART_Send_Data
                0x0000000008000820       0x3e ./Src/USART.o
                0x0000000008000820                MCAL_USART_Send_Data
 *fill*         0x000000000800085e        0x2 
 .text.MCAL_USART_Get_Data
                0x0000000008000860       0x68 ./Src/USART.o
                0x0000000008000860                MCAL_USART_Get_Data
 .text.MCAL_USART_GPIO_SetPins
                0x00000000080008c8       0xd0 ./Src/USART.o
                0x00000000080008c8                MCAL_USART_GPIO_SetPins
 .text.USART1_IRQHandler
                0x0000000008000998       0x14 ./Src/USART.o
                0x0000000008000998                USART1_IRQHandler
 .text.USART2_IRQHandler
                0x00000000080009ac       0x14 ./Src/USART.o
                0x00000000080009ac                USART2_IRQHandler
 .text.USART3_IRQHandler
                0x00000000080009c0       0x14 ./Src/USART.o
                0x00000000080009c0                USART3_IRQHandler
 .text.main     0x00000000080009d4       0xa0 ./Src/main.o
                0x00000000080009d4                main
 .text.Reset_Handler
                0x0000000008000a74       0x50 ./Startup/startup_stm32f103c8tx.o
                0x0000000008000a74                Reset_Handler
 .text.Default_Handler
                0x0000000008000ac4        0x2 ./Startup/startup_stm32f103c8tx.o
                0x0000000008000ac4                TIM8_TRG_COM_IRQHandler
                0x0000000008000ac4                TIM8_CC_IRQHandler
                0x0000000008000ac4                DebugMon_Handler
                0x0000000008000ac4                TIM1_CC_IRQHandler
                0x0000000008000ac4                HardFault_Handler
                0x0000000008000ac4                TIM6_IRQHandler
                0x0000000008000ac4                PVD_IRQHandler
                0x0000000008000ac4                SDIO_IRQHandler
                0x0000000008000ac4                PendSV_Handler
                0x0000000008000ac4                NMI_Handler
                0x0000000008000ac4                USB_HP_CAN_TX_IRQHandler
                0x0000000008000ac4                I2C2_EV_IRQHandler
                0x0000000008000ac4                UsageFault_Handler
                0x0000000008000ac4                ADC1_2_IRQHandler
                0x0000000008000ac4                SPI1_IRQHandler
                0x0000000008000ac4                CAN_SCE_IRQHandler
                0x0000000008000ac4                TAMPER_IRQHandler
                0x0000000008000ac4                TIM8_UP_IRQHandler
                0x0000000008000ac4                DMA2_Channel2_IRQHandler
                0x0000000008000ac4                DMA1_Channel4_IRQHandler
                0x0000000008000ac4                RTC_IRQHandler
                0x0000000008000ac4                DMA1_Channel7_IRQHandler
                0x0000000008000ac4                UART5_IRQHandler
                0x0000000008000ac4                ADC3_IRQHandler
                0x0000000008000ac4                TIM4_IRQHandler
                0x0000000008000ac4                CAN_RX1_IRQHandler
                0x0000000008000ac4                DMA2_Channel1_IRQHandler
                0x0000000008000ac4                I2C1_EV_IRQHandler
                0x0000000008000ac4                DMA1_Channel6_IRQHandler
                0x0000000008000ac4                UART4_IRQHandler
                0x0000000008000ac4                TIM3_IRQHandler
                0x0000000008000ac4                RCC_IRQHandler
                0x0000000008000ac4                TIM1_TRG_COM_IRQHandler
                0x0000000008000ac4                DMA1_Channel1_IRQHandler
                0x0000000008000ac4                Default_Handler
                0x0000000008000ac4                TIM7_IRQHandler
                0x0000000008000ac4                TIM5_IRQHandler
                0x0000000008000ac4                SPI2_IRQHandler
                0x0000000008000ac4                USB_LP_CAN_RX0_IRQHandler
                0x0000000008000ac4                MemManage_Handler
                0x0000000008000ac4                SVC_Handler
                0x0000000008000ac4                DMA1_Channel5_IRQHandler
                0x0000000008000ac4                DMA1_Channel3_IRQHandler
                0x0000000008000ac4                FSMC_IRQHandler
                0x0000000008000ac4                TIM1_UP_IRQHandler
                0x0000000008000ac4                WWDG_IRQHandler
                0x0000000008000ac4                TIM2_IRQHandler
                0x0000000008000ac4                TIM1_BRK_IRQHandler
                0x0000000008000ac4                RTCAlarm_IRQHandler
                0x0000000008000ac4                DMA2_Channel4_5_IRQHandler
                0x0000000008000ac4                I2C2_ER_IRQHandler
                0x0000000008000ac4                DMA1_Channel2_IRQHandler
                0x0000000008000ac4                TIM8_BRK_IRQHandler
                0x0000000008000ac4                FLASH_IRQHandler
                0x0000000008000ac4                BusFault_Handler
                0x0000000008000ac4                SPI3_IRQHandler
                0x0000000008000ac4                I2C1_ER_IRQHandler
                0x0000000008000ac4                DMA2_Channel3_IRQHandler
 *fill*         0x0000000008000ac6        0x2 
 .text.__libc_init_array
                0x0000000008000ac8       0x48 C:/ST/STM32CubeIDE_1.13.0/STM32CubeIDE/plugins/com.st.stm32cube.ide.mcu.externaltools.gnu-tools-for-stm32.11.3.rel1.win32_1.1.0.202305231506/tools/bin/../lib/gcc/arm-none-eabi/11.3.1/../../../../arm-none-eabi/lib/thumb/v7-m/nofp\libc_nano.a(libc_a-init.o)
                0x0000000008000ac8                __libc_init_array
 *(.glue_7)
 .glue_7        0x0000000008000b10        0x0 linker stubs
 *(.glue_7t)
 .glue_7t       0x0000000008000b10        0x0 linker stubs
 *(.eh_frame)
 .eh_frame      0x0000000008000b10        0x0 C:/ST/STM32CubeIDE_1.13.0/STM32CubeIDE/plugins/com.st.stm32cube.ide.mcu.externaltools.gnu-tools-for-stm32.11.3.rel1.win32_1.1.0.202305231506/tools/bin/../lib/gcc/arm-none-eabi/11.3.1/thumb/v7-m/nofp/crtbegin.o
 *(.init)
 .init          0x0000000008000b10        0x4 C:/ST/STM32CubeIDE_1.13.0/STM32CubeIDE/plugins/com.st.stm32cube.ide.mcu.externaltools.gnu-tools-for-stm32.11.3.rel1.win32_1.1.0.202305231506/tools/bin/../lib/gcc/arm-none-eabi/11.3.1/thumb/v7-m/nofp/crti.o
                0x0000000008000b10                _init
 .init          0x0000000008000b14        0x8 C:/ST/STM32CubeIDE_1.13.0/STM32CubeIDE/plugins/com.st.stm32cube.ide.mcu.externaltools.gnu-tools-for-stm32.11.3.rel1.win32_1.1.0.202305231506/tools/bin/../lib/gcc/arm-none-eabi/11.3.1/thumb/v7-m/nofp/crtn.o
 *(.fini)
 .fini          0x0000000008000b1c        0x4 C:/ST/STM32CubeIDE_1.13.0/STM32CubeIDE/plugins/com.st.stm32cube.ide.mcu.externaltools.gnu-tools-for-stm32.11.3.rel1.win32_1.1.0.202305231506/tools/bin/../lib/gcc/arm-none-eabi/11.3.1/thumb/v7-m/nofp/crti.o
                0x0000000008000b1c                _fini
 .fini          0x0000000008000b20        0x8 C:/ST/STM32CubeIDE_1.13.0/STM32CubeIDE/plugins/com.st.stm32cube.ide.mcu.externaltools.gnu-tools-for-stm32.11.3.rel1.win32_1.1.0.202305231506/tools/bin/../lib/gcc/arm-none-eabi/11.3.1/thumb/v7-m/nofp/crtn.o
                0x0000000008000b28                . = ALIGN (0x4)
                0x0000000008000b28                _etext = .

.vfp11_veneer   0x0000000008000b28        0x0
 .vfp11_veneer  0x0000000008000b28        0x0 linker stubs

.v4_bx          0x0000000008000b28        0x0
 .v4_bx         0x0000000008000b28        0x0 linker stubs

.iplt           0x0000000008000b28        0x0
 .iplt          0x0000000008000b28        0x0 C:/ST/STM32CubeIDE_1.13.0/STM32CubeIDE/plugins/com.st.stm32cube.ide.mcu.externaltools.gnu-tools-for-stm32.11.3.rel1.win32_1.1.0.202305231506/tools/bin/../lib/gcc/arm-none-eabi/11.3.1/thumb/v7-m/nofp/crtbegin.o

.rel.dyn        0x0000000008000b28        0x0
 .rel.iplt      0x0000000008000b28        0x0 C:/ST/STM32CubeIDE_1.13.0/STM32CubeIDE/plugins/com.st.stm32cube.ide.mcu.externaltools.gnu-tools-for-stm32.11.3.rel1.win32_1.1.0.202305231506/tools/bin/../lib/gcc/arm-none-eabi/11.3.1/thumb/v7-m/nofp/crtbegin.o

.rodata         0x0000000008000b28        0x0
                0x0000000008000b28                . = ALIGN (0x4)
 *(.rodata)
 *(.rodata*)
                0x0000000008000b28                . = ALIGN (0x4)

.ARM.extab      0x0000000008000b28        0x0
                0x0000000008000b28                . = ALIGN (0x4)
 *(.ARM.extab* .gnu.linkonce.armextab.*)
                0x0000000008000b28                . = ALIGN (0x4)

.ARM            0x0000000008000b28        0x0
                0x0000000008000b28                . = ALIGN (0x4)
                0x0000000008000b28                __exidx_start = .
 *(.ARM.exidx*)
                0x0000000008000b28                __exidx_end = .
                0x0000000008000b28                . = ALIGN (0x4)

.preinit_array  0x0000000008000b28        0x0
                0x0000000008000b28                . = ALIGN (0x4)
                0x0000000008000b28                PROVIDE (__preinit_array_start = .)
 *(.preinit_array*)
                0x0000000008000b28                PROVIDE (__preinit_array_end = .)
                0x0000000008000b28                . = ALIGN (0x4)

.init_array     0x0000000008000b28        0x4
                0x0000000008000b28                . = ALIGN (0x4)
                0x0000000008000b28                PROVIDE (__init_array_start = .)
 *(SORT_BY_NAME(.init_array.*))
 *(.init_array*)
 .init_array    0x0000000008000b28        0x4 C:/ST/STM32CubeIDE_1.13.0/STM32CubeIDE/plugins/com.st.stm32cube.ide.mcu.externaltools.gnu-tools-for-stm32.11.3.rel1.win32_1.1.0.202305231506/tools/bin/../lib/gcc/arm-none-eabi/11.3.1/thumb/v7-m/nofp/crtbegin.o
                0x0000000008000b2c                PROVIDE (__init_array_end = .)
                0x0000000008000b2c                . = ALIGN (0x4)

.fini_array     0x0000000008000b2c        0x4
                0x0000000008000b2c                . = ALIGN (0x4)
                [!provide]                        PROVIDE (__fini_array_start = .)
 *(SORT_BY_NAME(.fini_array.*))
 *(.fini_array*)
 .fini_array    0x0000000008000b2c        0x4 C:/ST/STM32CubeIDE_1.13.0/STM32CubeIDE/plugins/com.st.stm32cube.ide.mcu.externaltools.gnu-tools-for-stm32.11.3.rel1.win32_1.1.0.202305231506/tools/bin/../lib/gcc/arm-none-eabi/11.3.1/thumb/v7-m/nofp/crtbegin.o
                [!provide]                        PROVIDE (__fini_array_end = .)
                0x0000000008000b30                . = ALIGN (0x4)
                0x0000000008000b30                _sidata = LOADADDR (.data)

.data           0x0000000020000000        0x0 load address 0x0000000008000b30
                0x0000000020000000                . = ALIGN (0x4)
                0x0000000020000000                _sdata = .
 *(.data)
 *(.data*)
 *(.RamFunc)
 *(.RamFunc*)
                0x0000000020000000                . = ALIGN (0x4)
                0x0000000020000000                _edata = .

.igot.plt       0x0000000020000000        0x0 load address 0x0000000008000b30
 .igot.plt      0x0000000020000000        0x0 C:/ST/STM32CubeIDE_1.13.0/STM32CubeIDE/plugins/com.st.stm32cube.ide.mcu.externaltools.gnu-tools-for-stm32.11.3.rel1.win32_1.1.0.202305231506/tools/bin/../lib/gcc/arm-none-eabi/11.3.1/thumb/v7-m/nofp/crtbegin.o
                0x0000000020000000                . = ALIGN (0x4)

.bss            0x0000000020000000       0x6c load address 0x0000000008000b30
                0x0000000020000000                _sbss = .
                0x0000000020000000                __bss_start__ = _sbss
 *(.bss)
 .bss           0x0000000020000000       0x1c C:/ST/STM32CubeIDE_1.13.0/STM32CubeIDE/plugins/com.st.stm32cube.ide.mcu.externaltools.gnu-tools-for-stm32.11.3.rel1.win32_1.1.0.202305231506/tools/bin/../lib/gcc/arm-none-eabi/11.3.1/thumb/v7-m/nofp/crtbegin.o
 *(.bss*)
 .bss.GP_IRQ_Callback
                0x000000002000001c       0x3c ./Src/EXTI.o
                0x000000002000001c                GP_IRQ_Callback
 .bss.G_P_SYSfun
                0x0000000020000058        0x4 ./Src/STK_program.o
 .bss.Global_USART_Config
                0x000000002000005c        0xc ./Src/USART.o
                0x000000002000005c                Global_USART_Config
 .bss.ch        0x0000000020000068        0x2 ./Src/main.o
                0x0000000020000068                ch
 *(COMMON)
                0x000000002000006c                . = ALIGN (0x4)
 *fill*         0x000000002000006a        0x2 
                0x000000002000006c                _ebss = .
                0x000000002000006c                __bss_end__ = _ebss

._user_heap_stack
                0x000000002000006c      0x604 load address 0x0000000008000b30
                0x0000000020000070                . = ALIGN (0x8)
 *fill*         0x000000002000006c        0x4 
                [!provide]                        PROVIDE (end = .)
                0x0000000020000070                PROVIDE (_end = .)
                0x0000000020000270                . = (. + _Min_Heap_Size)
 *fill*         0x0000000020000070      0x200 
                0x0000000020000670                . = (. + _Min_Stack_Size)
 *fill*         0x0000000020000270      0x400 
                0x0000000020000670                . = ALIGN (0x8)

/DISCARD/
 libc.a(*)
 libm.a(*)
 libgcc.a(*)

.ARM.attributes
                0x0000000000000000       0x29
 *(.ARM.attributes)
 .ARM.attributes
                0x0000000000000000       0x1d C:/ST/STM32CubeIDE_1.13.0/STM32CubeIDE/plugins/com.st.stm32cube.ide.mcu.externaltools.gnu-tools-for-stm32.11.3.rel1.win32_1.1.0.202305231506/tools/bin/../lib/gcc/arm-none-eabi/11.3.1/thumb/v7-m/nofp/crti.o
 .ARM.attributes
                0x000000000000001d       0x2d C:/ST/STM32CubeIDE_1.13.0/STM32CubeIDE/plugins/com.st.stm32cube.ide.mcu.externaltools.gnu-tools-for-stm32.11.3.rel1.win32_1.1.0.202305231506/tools/bin/../lib/gcc/arm-none-eabi/11.3.1/thumb/v7-m/nofp/crtbegin.o
 .ARM.attributes
                0x000000000000004a       0x2d ./Src/EXTI.o
 .ARM.attributes
                0x0000000000000077       0x2d ./Src/GPIO.o
 .ARM.attributes
                0x00000000000000a4       0x2d ./Src/RCC_program.o
 .ARM.attributes
                0x00000000000000d1       0x2d ./Src/STK_program.o
 .ARM.attributes
                0x00000000000000fe       0x2d ./Src/USART.o
 .ARM.attributes
                0x000000000000012b       0x2d ./Src/main.o
 .ARM.attributes
                0x0000000000000158       0x21 ./Startup/startup_stm32f103c8tx.o
 .ARM.attributes
                0x0000000000000179       0x2d C:/ST/STM32CubeIDE_1.13.0/STM32CubeIDE/plugins/com.st.stm32cube.ide.mcu.externaltools.gnu-tools-for-stm32.11.3.rel1.win32_1.1.0.202305231506/tools/bin/../lib/gcc/arm-none-eabi/11.3.1/../../../../arm-none-eabi/lib/thumb/v7-m/nofp\libc_nano.a(libc_a-init.o)
 .ARM.attributes
                0x00000000000001a6       0x1d C:/ST/STM32CubeIDE_1.13.0/STM32CubeIDE/plugins/com.st.stm32cube.ide.mcu.externaltools.gnu-tools-for-stm32.11.3.rel1.win32_1.1.0.202305231506/tools/bin/../lib/gcc/arm-none-eabi/11.3.1/thumb/v7-m/nofp/crtn.o
OUTPUT(Drivers.elf elf32-littlearm)
LOAD linker stubs
LOAD C:/ST/STM32CubeIDE_1.13.0/STM32CubeIDE/plugins/com.st.stm32cube.ide.mcu.externaltools.gnu-tools-for-stm32.11.3.rel1.win32_1.1.0.202305231506/tools/bin/../lib/gcc/arm-none-eabi/11.3.1/../../../../arm-none-eabi/lib/thumb/v7-m/nofp\libc.a
LOAD C:/ST/STM32CubeIDE_1.13.0/STM32CubeIDE/plugins/com.st.stm32cube.ide.mcu.externaltools.gnu-tools-for-stm32.11.3.rel1.win32_1.1.0.202305231506/tools/bin/../lib/gcc/arm-none-eabi/11.3.1/../../../../arm-none-eabi/lib/thumb/v7-m/nofp\libm.a
LOAD C:/ST/STM32CubeIDE_1.13.0/STM32CubeIDE/plugins/com.st.stm32cube.ide.mcu.externaltools.gnu-tools-for-stm32.11.3.rel1.win32_1.1.0.202305231506/tools/bin/../lib/gcc/arm-none-eabi/11.3.1/thumb/v7-m/nofp\libgcc.a

.comment        0x0000000000000000       0x43
 .comment       0x0000000000000000       0x43 C:/ST/STM32CubeIDE_1.13.0/STM32CubeIDE/plugins/com.st.stm32cube.ide.mcu.externaltools.gnu-tools-for-stm32.11.3.rel1.win32_1.1.0.202305231506/tools/bin/../lib/gcc/arm-none-eabi/11.3.1/thumb/v7-m/nofp/crtbegin.o
                                         0x44 (size before relaxing)
 .comment       0x0000000000000043       0x44 ./Src/EXTI.o
 .comment       0x0000000000000043       0x44 ./Src/GPIO.o
 .comment       0x0000000000000043       0x44 ./Src/RCC_program.o
 .comment       0x0000000000000043       0x44 ./Src/STK_program.o
 .comment       0x0000000000000043       0x44 ./Src/USART.o
 .comment       0x0000000000000043       0x44 ./Src/main.o

.debug_info     0x0000000000000000     0x1a9d
 .debug_info    0x0000000000000000      0x633 ./Src/EXTI.o
 .debug_info    0x0000000000000633      0x4b9 ./Src/GPIO.o
 .debug_info    0x0000000000000aec      0x299 ./Src/RCC_program.o
 .debug_info    0x0000000000000d85      0x30e ./Src/STK_program.o
 .debug_info    0x0000000000001093      0x5b6 ./Src/USART.o
 .debug_info    0x0000000000001649      0x432 ./Src/main.o
 .debug_info    0x0000000000001a7b       0x22 ./Startup/startup_stm32f103c8tx.o

.debug_abbrev   0x0000000000000000      0x8aa
 .debug_abbrev  0x0000000000000000      0x1b2 ./Src/EXTI.o
 .debug_abbrev  0x00000000000001b2      0x16f ./Src/GPIO.o
 .debug_abbrev  0x0000000000000321      0x10d ./Src/RCC_program.o
 .debug_abbrev  0x000000000000042e      0x15f ./Src/STK_program.o
 .debug_abbrev  0x000000000000058d      0x1bf ./Src/USART.o
 .debug_abbrev  0x000000000000074c      0x14c ./Src/main.o
 .debug_abbrev  0x0000000000000898       0x12 ./Startup/startup_stm32f103c8tx.o

.debug_loc      0x0000000000000000      0xe2c
 .debug_loc     0x0000000000000000      0x2d0 ./Src/EXTI.o
 .debug_loc     0x00000000000002d0      0x330 ./Src/GPIO.o
 .debug_loc     0x0000000000000600      0x22c ./Src/RCC_program.o
 .debug_loc     0x000000000000082c      0x340 ./Src/STK_program.o
 .debug_loc     0x0000000000000b6c      0x288 ./Src/USART.o
 .debug_loc     0x0000000000000df4       0x38 ./Src/main.o

.debug_aranges  0x0000000000000000      0x248
 .debug_aranges
                0x0000000000000000       0x78 ./Src/EXTI.o
 .debug_aranges
                0x0000000000000078       0x60 ./Src/GPIO.o
 .debug_aranges
                0x00000000000000d8       0x58 ./Src/RCC_program.o
 .debug_aranges
                0x0000000000000130       0x70 ./Src/STK_program.o
 .debug_aranges
                0x00000000000001a0       0x60 ./Src/USART.o
 .debug_aranges
                0x0000000000000200       0x20 ./Src/main.o
 .debug_aranges
                0x0000000000000220       0x28 ./Startup/startup_stm32f103c8tx.o

.debug_ranges   0x0000000000000000      0x1e0
 .debug_ranges  0x0000000000000000       0x68 ./Src/EXTI.o
 .debug_ranges  0x0000000000000068       0x50 ./Src/GPIO.o
 .debug_ranges  0x00000000000000b8       0x48 ./Src/RCC_program.o
 .debug_ranges  0x0000000000000100       0x60 ./Src/STK_program.o
 .debug_ranges  0x0000000000000160       0x50 ./Src/USART.o
 .debug_ranges  0x00000000000001b0       0x10 ./Src/main.o
 .debug_ranges  0x00000000000001c0       0x20 ./Startup/startup_stm32f103c8tx.o

.debug_macro    0x0000000000000000     0x2c5c
 .debug_macro   0x0000000000000000      0x164 ./Src/EXTI.o
 .debug_macro   0x0000000000000164      0xaa2 ./Src/EXTI.o
 .debug_macro   0x0000000000000c06       0x24 ./Src/EXTI.o
 .debug_macro   0x0000000000000c2a       0x22 ./Src/EXTI.o
 .debug_macro   0x0000000000000c4c       0x5b ./Src/EXTI.o
 .debug_macro   0x0000000000000ca7       0x94 ./Src/EXTI.o
 .debug_macro   0x0000000000000d3b       0x43 ./Src/EXTI.o
 .debug_macro   0x0000000000000d7e       0x34 ./Src/EXTI.o
 .debug_macro   0x0000000000000db2       0x16 ./Src/EXTI.o
 .debug_macro   0x0000000000000dc8      0x10e ./Src/EXTI.o
 .debug_macro   0x0000000000000ed6       0x8d ./Src/EXTI.o
 .debug_macro   0x0000000000000f63       0x16 ./Src/EXTI.o
 .debug_macro   0x0000000000000f79       0x43 ./Src/EXTI.o
 .debug_macro   0x0000000000000fbc       0x57 ./Src/EXTI.o
 .debug_macro   0x0000000000001013       0x34 ./Src/EXTI.o
 .debug_macro   0x0000000000001047       0x10 ./Src/EXTI.o
 .debug_macro   0x0000000000001057       0x58 ./Src/EXTI.o
 .debug_macro   0x00000000000010af       0x8e ./Src/EXTI.o
 .debug_macro   0x000000000000113d       0x1c ./Src/EXTI.o
 .debug_macro   0x0000000000001159      0x177 ./Src/EXTI.o
 .debug_macro   0x00000000000012d0      0x369 ./Src/EXTI.o
 .debug_macro   0x0000000000001639       0x16 ./Src/EXTI.o
 .debug_macro   0x000000000000164f       0x29 ./Src/EXTI.o
 .debug_macro   0x0000000000001678      0x103 ./Src/EXTI.o
 .debug_macro   0x000000000000177b       0x6a ./Src/EXTI.o
 .debug_macro   0x00000000000017e5      0x1df ./Src/EXTI.o
 .debug_macro   0x00000000000019c4       0x2e ./Src/EXTI.o
 .debug_macro   0x00000000000019f2      0x223 ./Src/EXTI.o
 .debug_macro   0x0000000000001c15       0xd6 ./Src/EXTI.o
 .debug_macro   0x0000000000001ceb      0x22f ./Src/EXTI.o
 .debug_macro   0x0000000000001f1a      0x155 ./Src/GPIO.o
 .debug_macro   0x000000000000206f       0xd0 ./Src/GPIO.o
 .debug_macro   0x000000000000213f       0x90 ./Src/RCC_program.o
 .debug_macro   0x00000000000021cf       0x8e ./Src/RCC_program.o
 .debug_macro   0x000000000000225d       0x51 ./Src/RCC_program.o
 .debug_macro   0x00000000000022ae      0x154 ./Src/RCC_program.o
 .debug_macro   0x0000000000002402      0x16e ./Src/RCC_program.o
 .debug_macro   0x0000000000002570       0x46 ./Src/RCC_program.o
 .debug_macro   0x00000000000025b6       0x3f ./Src/STK_program.o
 .debug_macro   0x00000000000025f5       0x58 ./Src/STK_program.o
 .debug_macro   0x000000000000264d       0x16 ./Src/STK_program.o
 .debug_macro   0x0000000000002663      0x181 ./Src/USART.o
 .debug_macro   0x00000000000027e4       0xfa ./Src/USART.o
 .debug_macro   0x00000000000028de      0x17a ./Src/USART.o
 .debug_macro   0x0000000000002a58      0x1a3 ./Src/main.o
 .debug_macro   0x0000000000002bfb       0x61 ./Src/main.o

.debug_line     0x0000000000000000     0x2932
 .debug_line    0x0000000000000000      0x9d8 ./Src/EXTI.o
 .debug_line    0x00000000000009d8      0x7ca ./Src/GPIO.o
 .debug_line    0x00000000000011a2      0x5bb ./Src/RCC_program.o
 .debug_line    0x000000000000175d      0x34d ./Src/STK_program.o
 .debug_line    0x0000000000001aaa      0x7d2 ./Src/USART.o
 .debug_line    0x000000000000227c      0x632 ./Src/main.o
 .debug_line    0x00000000000028ae       0x84 ./Startup/startup_stm32f103c8tx.o

.debug_str      0x0000000000000000     0xb79b
 .debug_str     0x0000000000000000     0x9500 ./Src/EXTI.o
                                       0x9707 (size before relaxing)
 .debug_str     0x0000000000009500      0x143 ./Src/GPIO.o
                                       0x8325 (size before relaxing)
 .debug_str     0x0000000000009643      0xcb5 ./Src/RCC_program.o
                                       0x4a88 (size before relaxing)
 .debug_str     0x000000000000a2f8      0x356 ./Src/STK_program.o
                                       0x334a (size before relaxing)
 .debug_str     0x000000000000a64e      0xccb ./Src/USART.o
                                       0x9489 (size before relaxing)
 .debug_str     0x000000000000b319      0x453 ./Src/main.o
                                       0x92d7 (size before relaxing)
 .debug_str     0x000000000000b76c       0x2f ./Startup/startup_stm32f103c8tx.o
                                         0x6a (size before relaxing)

.debug_frame    0x0000000000000000      0x754
 .debug_frame   0x0000000000000000      0x18c ./Src/EXTI.o
 .debug_frame   0x000000000000018c      0x174 ./Src/GPIO.o
 .debug_frame   0x0000000000000300      0x120 ./Src/RCC_program.o
 .debug_frame   0x0000000000000420      0x190 ./Src/STK_program.o
 .debug_frame   0x00000000000005b0      0x148 ./Src/USART.o
 .debug_frame   0x00000000000006f8       0x30 ./Src/main.o
 .debug_frame   0x0000000000000728       0x2c C:/ST/STM32CubeIDE_1.13.0/STM32CubeIDE/plugins/com.st.stm32cube.ide.mcu.externaltools.gnu-tools-for-stm32.11.3.rel1.win32_1.1.0.202305231506/tools/bin/../lib/gcc/arm-none-eabi/11.3.1/../../../../arm-none-eabi/lib/thumb/v7-m/nofp\libc_nano.a(libc_a-init.o)
